// Jest Snapshot v1, https://goo.gl/fbAQLP

exports[`Button Snapshot 1`] = `
<button
  class="Button primary"
>
  Hello world!
</button>
`;
